This is XeTeX, Version 3.141592653-2.6-0.999996 (TeX Live 2024) (preloaded format=xelatex 2024.12.14)  27 JAN 2026 16:37
entering extended mode
 restricted \write18 enabled.
 %&-line parsing enabled.
**KKT.tex
(./KKT.tex
LaTeX2e <2023-11-01> patch level 1
L3 programming layer <2024-02-20>

(e:/ruanjian/LaTeX/LaTeX 2024(64bit)/texlive/2024/texmf-dist/tex/latex/ctex/cte
xart.cls
(e:/ruanjian/LaTeX/LaTeX 2024(64bit)/texlive/2024/texmf-dist/tex/latex/ctex/con
fig/ctexbackend.cfg
File: ctexbackend.cfg 2022/07/14 v2.5.10 Backend configuration file (CTEX)
)
(e:/ruanjian/LaTeX/LaTeX 2024(64bit)/texlive/2024/texmf-dist/tex/latex/l3kernel
/expl3.sty
Package: expl3 2024-02-20 L3 programming layer (loader) 

(e:/ruanjian/LaTeX/LaTeX 2024(64bit)/texlive/2024/texmf-dist/tex/latex/l3backen
d/l3backend-xetex.def
File: l3backend-xetex.def 2024-02-20 L3 backend support: XeTeX
\g__graphics_track_int=\count184
\l__pdf_internal_box=\box51
\g__pdf_backend_object_int=\count185
\g__pdf_backend_annotation_int=\count186
\g__pdf_backend_link_int=\count187
))
Document Class: ctexart 2022/07/14 v2.5.10 Chinese adapter for class article (C
TEX)

(e:/ruanjian/LaTeX/LaTeX 2024(64bit)/texlive/2024/texmf-dist/tex/latex/ctex/cte
xhook.sty
Package: ctexhook 2022/07/14 v2.5.10 Document and package hooks (CTEX)
)
(e:/ruanjian/LaTeX/LaTeX 2024(64bit)/texlive/2024/texmf-dist/tex/latex/ctex/cte
xpatch.sty
Package: ctexpatch 2022/07/14 v2.5.10 Patching commands (CTEX)
)
(e:/ruanjian/LaTeX/LaTeX 2024(64bit)/texlive/2024/texmf-dist/tex/latex/base/fix
-cm.sty
Package: fix-cm 2020/11/24 v1.1t fixes to LaTeX

(e:/ruanjian/LaTeX/LaTeX 2024(64bit)/texlive/2024/texmf-dist/tex/latex/base/ts1
enc.def
File: ts1enc.def 2001/06/05 v3.0e (jk/car/fm) Standard LaTeX file
LaTeX Font Info:    Redeclaring font encoding TS1 on input line 47.
))
\l__ctex_tmp_int=\count188
\l__ctex_tmp_box=\box52
\l__ctex_tmp_dim=\dimen140
\g__ctex_section_depth_int=\count189
\g__ctex_font_size_int=\count190

(e:/ruanjian/LaTeX/LaTeX 2024(64bit)/texlive/2024/texmf-dist/tex/latex/ctex/con
fig/ctexopts.cfg
File: ctexopts.cfg 2022/07/14 v2.5.10 Option configuration file (CTEX)
)
(e:/ruanjian/LaTeX/LaTeX 2024(64bit)/texlive/2024/texmf-dist/tex/latex/base/art
icle.cls
Document Class: article 2023/05/17 v1.4n Standard LaTeX document class

(e:/ruanjian/LaTeX/LaTeX 2024(64bit)/texlive/2024/texmf-dist/tex/latex/base/siz
e12.clo
File: size12.clo 2023/05/17 v1.4n Standard LaTeX file (size option)
)
\c@part=\count191
\c@section=\count192
\c@subsection=\count193
\c@subsubsection=\count194
\c@paragraph=\count195
\c@subparagraph=\count196
\c@figure=\count197
\c@table=\count198
\abovecaptionskip=\skip48
\belowcaptionskip=\skip49
\bibindent=\dimen141
)
(e:/ruanjian/LaTeX/LaTeX 2024(64bit)/texlive/2024/texmf-dist/tex/latex/ctex/eng
ine/ctex-engine-xetex.def
File: ctex-engine-xetex.def 2022/07/14 v2.5.10 XeLaTeX adapter (CTEX)

(e:/ruanjian/LaTeX/LaTeX 2024(64bit)/texlive/2024/texmf-dist/tex/xelatex/xecjk/
xeCJK.sty
Package: xeCJK 2022/08/05 v3.9.1 Typesetting CJK scripts with XeLaTeX

(e:/ruanjian/LaTeX/LaTeX 2024(64bit)/texlive/2024/texmf-dist/tex/latex/l3packag
es/xtemplate/xtemplate.sty
(e:/ruanjian/LaTeX/LaTeX 2024(64bit)/texlive/2024/texmf-dist/tex/latex/l3packag
es/xtemplate/xtemplate-2023-10-10.sty
Package: xtemplate 2023-10-10 L3 Experimental prototype document functions
\l__xtemplate_tmp_dim=\dimen142
\l__xtemplate_tmp_int=\count199
\l__xtemplate_tmp_muskip=\muskip16
\l__xtemplate_tmp_skip=\skip50
))
\l__xeCJK_tmp_int=\count266
\l__xeCJK_tmp_box=\box53
\l__xeCJK_tmp_dim=\dimen143
\l__xeCJK_tmp_skip=\skip51
\g__xeCJK_space_factor_int=\count267
\l__xeCJK_begin_int=\count268
\l__xeCJK_end_int=\count269
\c__xeCJK_CJK_class_int=\XeTeXcharclass1
\c__xeCJK_FullLeft_class_int=\XeTeXcharclass2
\c__xeCJK_FullRight_class_int=\XeTeXcharclass3
\c__xeCJK_HalfLeft_class_int=\XeTeXcharclass4
\c__xeCJK_HalfRight_class_int=\XeTeXcharclass5
\c__xeCJK_NormalSpace_class_int=\XeTeXcharclass6
\c__xeCJK_CM_class_int=\XeTeXcharclass7
\c__xeCJK_HangulJamo_class_int=\XeTeXcharclass8
\l__xeCJK_last_skip=\skip52
\c__xeCJK_none_node=\count270
\g__xeCJK_node_int=\count271
\c__xeCJK_CJK_node_dim=\dimen144
\c__xeCJK_CJK-space_node_dim=\dimen145
\c__xeCJK_default_node_dim=\dimen146
\c__xeCJK_CJK-widow_node_dim=\dimen147
\c__xeCJK_normalspace_node_dim=\dimen148
\c__xeCJK_default-space_node_skip=\skip53
\l__xeCJK_ccglue_skip=\skip54
\l__xeCJK_ecglue_skip=\skip55
\l__xeCJK_punct_kern_skip=\skip56
\l__xeCJK_indent_box=\box54
\l__xeCJK_last_penalty_int=\count272
\l__xeCJK_last_bound_dim=\dimen149
\l__xeCJK_last_kern_dim=\dimen150
\l__xeCJK_widow_penalty_int=\count273

Package xtemplate Info: Declaring object type 'xeCJK/punctuation' taking 0
(xtemplate)             argument(s) on line 2396.

\l__xeCJK_fixed_punct_width_dim=\dimen151
\l__xeCJK_mixed_punct_width_dim=\dimen152
\l__xeCJK_middle_punct_width_dim=\dimen153
\l__xeCJK_fixed_margin_width_dim=\dimen154
\l__xeCJK_mixed_margin_width_dim=\dimen155
\l__xeCJK_middle_margin_width_dim=\dimen156
\l__xeCJK_bound_punct_width_dim=\dimen157
\l__xeCJK_bound_margin_width_dim=\dimen158
\l__xeCJK_margin_minimum_dim=\dimen159
\l__xeCJK_kerning_total_width_dim=\dimen160
\l__xeCJK_same_align_margin_dim=\dimen161
\l__xeCJK_different_align_margin_dim=\dimen162
\l__xeCJK_kerning_margin_width_dim=\dimen163
\l__xeCJK_kerning_margin_minimum_dim=\dimen164
\l__xeCJK_bound_dim=\dimen165
\l__xeCJK_reverse_bound_dim=\dimen166
\l__xeCJK_margin_dim=\dimen167
\l__xeCJK_minimum_bound_dim=\dimen168
\l__xeCJK_kerning_margin_dim=\dimen169
\g__xeCJK_family_int=\count274
\l__xeCJK_fam_int=\count275
\g__xeCJK_fam_allocation_int=\count276
\l__xeCJK_verb_case_int=\count277
\l__xeCJK_verb_exspace_skip=\skip57

(e:/ruanjian/LaTeX/LaTeX 2024(64bit)/texlive/2024/texmf-dist/tex/latex/fontspec
/fontspec.sty
(e:/ruanjian/LaTeX/LaTeX 2024(64bit)/texlive/2024/texmf-dist/tex/latex/l3packag
es/xparse/xparse.sty
Package: xparse 2024-02-18 L3 Experimental document command parser
)
Package: fontspec 2024/02/13 v2.9a Font selection for XeLaTeX and LuaLaTeX

(e:/ruanjian/LaTeX/LaTeX 2024(64bit)/texlive/2024/texmf-dist/tex/latex/fontspec
/fontspec-xetex.sty
Package: fontspec-xetex 2024/02/13 v2.9a Font selection for XeLaTeX and LuaLaTe
X
\l__fontspec_script_int=\count278
\l__fontspec_language_int=\count279
\l__fontspec_strnum_int=\count280
\l__fontspec_tmp_int=\count281
\l__fontspec_tmpa_int=\count282
\l__fontspec_tmpb_int=\count283
\l__fontspec_tmpc_int=\count284
\l__fontspec_em_int=\count285
\l__fontspec_emdef_int=\count286
\l__fontspec_strong_int=\count287
\l__fontspec_strongdef_int=\count288
\l__fontspec_tmpa_dim=\dimen170
\l__fontspec_tmpb_dim=\dimen171
\l__fontspec_tmpc_dim=\dimen172

(e:/ruanjian/LaTeX/LaTeX 2024(64bit)/texlive/2024/texmf-dist/tex/latex/base/fon
tenc.sty
Package: fontenc 2021/04/29 v2.0v Standard LaTeX package
)
(e:/ruanjian/LaTeX/LaTeX 2024(64bit)/texlive/2024/texmf-dist/tex/latex/fontspec
/fontspec.cfg)))
(e:/ruanjian/LaTeX/LaTeX 2024(64bit)/texlive/2024/texmf-dist/tex/xelatex/xecjk/
xeCJK.cfg
File: xeCJK.cfg 2022/08/05 v3.9.1 Configuration file for xeCJK package
))
\ccwd=\dimen173
\l__ctex_ccglue_skip=\skip58
)
\l__ctex_ziju_dim=\dimen174

(e:/ruanjian/LaTeX/LaTeX 2024(64bit)/texlive/2024/texmf-dist/tex/latex/zhnumber
/zhnumber.sty
Package: zhnumber 2022/07/14 v3.0 Typesetting numbers with Chinese glyphs
\l__zhnum_scale_int=\count289
\l__zhnum_tmp_int=\count290

(e:/ruanjian/LaTeX/LaTeX 2024(64bit)/texlive/2024/texmf-dist/tex/latex/zhnumber
/zhnumber-utf8.cfg
File: zhnumber-utf8.cfg 2022/07/14 v3.0 Chinese numerals with UTF8 encoding
))
\l__ctex_heading_skip=\skip59

(e:/ruanjian/LaTeX/LaTeX 2024(64bit)/texlive/2024/texmf-dist/tex/latex/ctex/sch
eme/ctex-scheme-chinese-article.def
File: ctex-scheme-chinese-article.def 2022/07/14 v2.5.10 Chinese scheme for art
icle (CTEX)

(e:/ruanjian/LaTeX/LaTeX 2024(64bit)/texlive/2024/texmf-dist/tex/latex/ctex/con
fig/ctex-name-utf8.cfg
File: ctex-name-utf8.cfg 2022/07/14 v2.5.10 Caption with encoding UTF-8 (CTEX)
))
(e:/ruanjian/LaTeX/LaTeX 2024(64bit)/texlive/2024/texmf-dist/tex/latex/ctex/fon
tset/ctex-fontset-windows.def
File: ctex-fontset-windows.def 2022/07/14 v2.5.10 Windows fonts definition (CTE
X)

Package fontspec Info: Could not resolve font "KaiTi/B" (it probably doesn't
(fontspec)             exist).


Package fontspec Info: Could not resolve font "SimHei/I" (it probably doesn't
(fontspec)             exist).


Package fontspec Info: Could not resolve font "SimSun/BI" (it probably doesn't
(fontspec)             exist).


Package fontspec Info: Font family 'SimSun(0)' created for font 'SimSun' with
(fontspec)             options
(fontspec)             [Script={CJK},BoldFont={SimHei},ItalicFont={KaiTi}].
(fontspec)              
(fontspec)              This font family consists of the following NFSS
(fontspec)             series/shapes:
(fontspec)              
(fontspec)             - 'normal' (m/n) with NFSS spec.:
(fontspec)             <->"SimSun/OT:script=hani;language=dflt;"
(fontspec)             - 'small caps'  (m/sc) with NFSS spec.: 
(fontspec)             - 'bold' (b/n) with NFSS spec.:
(fontspec)             <->"SimHei/OT:script=hani;language=dflt;"
(fontspec)             - 'bold small caps'  (b/sc) with NFSS spec.: 
(fontspec)             - 'italic' (m/it) with NFSS spec.:
(fontspec)             <->"KaiTi/OT:script=hani;language=dflt;"
(fontspec)             - 'italic small caps'  (m/scit) with NFSS spec.: 

))
(e:/ruanjian/LaTeX/LaTeX 2024(64bit)/texlive/2024/texmf-dist/tex/latex/ctex/con
fig/ctex.cfg
File: ctex.cfg 2022/07/14 v2.5.10 Configuration file (CTEX)
)
(e:/ruanjian/LaTeX/LaTeX 2024(64bit)/texlive/2024/texmf-dist/tex/latex/amsmath/
amsmath.sty
Package: amsmath 2023/05/13 v2.17o AMS math features
\@mathmargin=\skip60

For additional information on amsmath, use the `?' option.

(e:/ruanjian/LaTeX/LaTeX 2024(64bit)/texlive/2024/texmf-dist/tex/latex/amsmath/
amstext.sty
Package: amstext 2021/08/26 v2.01 AMS text

(e:/ruanjian/LaTeX/LaTeX 2024(64bit)/texlive/2024/texmf-dist/tex/latex/amsmath/
amsgen.sty
File: amsgen.sty 1999/11/30 v2.0 generic functions
\@emptytoks=\toks17
\ex@=\dimen175
))
(e:/ruanjian/LaTeX/LaTeX 2024(64bit)/texlive/2024/texmf-dist/tex/latex/amsmath/
amsbsy.sty
Package: amsbsy 1999/11/29 v1.2d Bold Symbols
\pmbraise@=\dimen176
)
(e:/ruanjian/LaTeX/LaTeX 2024(64bit)/texlive/2024/texmf-dist/tex/latex/amsmath/
amsopn.sty
Package: amsopn 2022/04/08 v2.04 operator names
)
\inf@bad=\count291
LaTeX Info: Redefining \frac on input line 234.
\uproot@=\count292
\leftroot@=\count293
LaTeX Info: Redefining \overline on input line 399.
LaTeX Info: Redefining \colon on input line 410.
\classnum@=\count294
\DOTSCASE@=\count295
LaTeX Info: Redefining \ldots on input line 496.
LaTeX Info: Redefining \dots on input line 499.
LaTeX Info: Redefining \cdots on input line 620.
\Mathstrutbox@=\box55
\strutbox@=\box56
LaTeX Info: Redefining \big on input line 722.
LaTeX Info: Redefining \Big on input line 723.
LaTeX Info: Redefining \bigg on input line 724.
LaTeX Info: Redefining \Bigg on input line 725.
\big@size=\dimen177
LaTeX Font Info:    Redeclaring font encoding OML on input line 743.
LaTeX Font Info:    Redeclaring font encoding OMS on input line 744.
\macc@depth=\count296
LaTeX Info: Redefining \bmod on input line 905.
LaTeX Info: Redefining \pmod on input line 910.
LaTeX Info: Redefining \smash on input line 940.
LaTeX Info: Redefining \relbar on input line 970.
LaTeX Info: Redefining \Relbar on input line 971.
\c@MaxMatrixCols=\count297
\dotsspace@=\muskip17
\c@parentequation=\count298
\dspbrk@lvl=\count299
\tag@help=\toks18
\row@=\count300
\column@=\count301
\maxfields@=\count302
\andhelp@=\toks19
\eqnshift@=\dimen178
\alignsep@=\dimen179
\tagshift@=\dimen180
\tagwidth@=\dimen181
\totwidth@=\dimen182
\lineht@=\dimen183
\@envbody=\toks20
\multlinegap=\skip61
\multlinetaggap=\skip62
\mathdisplay@stack=\toks21
LaTeX Info: Redefining \[ on input line 2953.
LaTeX Info: Redefining \] on input line 2954.
)
(e:/ruanjian/LaTeX/LaTeX 2024(64bit)/texlive/2024/texmf-dist/tex/latex/amsfonts
/amssymb.sty
Package: amssymb 2013/01/14 v3.01 AMS font symbols

(e:/ruanjian/LaTeX/LaTeX 2024(64bit)/texlive/2024/texmf-dist/tex/latex/amsfonts
/amsfonts.sty
Package: amsfonts 2013/01/14 v3.01 Basic AMSFonts support
\symAMSa=\mathgroup4
\symAMSb=\mathgroup5
LaTeX Font Info:    Redeclaring math symbol \hbar on input line 98.
LaTeX Font Info:    Overwriting math alphabet `\mathfrak' in version `bold'
(Font)                  U/euf/m/n --> U/euf/b/n on input line 106.
))
(e:/ruanjian/LaTeX/LaTeX 2024(64bit)/texlive/2024/texmf-dist/tex/latex/mathtool
s/mathtools.sty
Package: mathtools 2024/03/11 v1.30 mathematical typesetting tools

(e:/ruanjian/LaTeX/LaTeX 2024(64bit)/texlive/2024/texmf-dist/tex/latex/graphics
/keyval.sty
Package: keyval 2022/05/29 v1.15 key=value parser (DPC)
\KV@toks@=\toks22
)
(e:/ruanjian/LaTeX/LaTeX 2024(64bit)/texlive/2024/texmf-dist/tex/latex/tools/ca
lc.sty
Package: calc 2023/07/08 v4.3 Infix arithmetic (KKT,FJ)
\calc@Acount=\count303
\calc@Bcount=\count304
\calc@Adimen=\dimen184
\calc@Bdimen=\dimen185
\calc@Askip=\skip63
\calc@Bskip=\skip64
LaTeX Info: Redefining \setlength on input line 80.
LaTeX Info: Redefining \addtolength on input line 81.
\calc@Ccount=\count305
\calc@Cskip=\skip65
)
(e:/ruanjian/LaTeX/LaTeX 2024(64bit)/texlive/2024/texmf-dist/tex/latex/mathtool
s/mhsetup.sty
Package: mhsetup 2021/03/18 v1.4 programming setup (MH)
)
\g_MT_multlinerow_int=\count306
\l_MT_multwidth_dim=\dimen186
\origjot=\skip66
\l_MT_shortvdotswithinadjustabove_dim=\dimen187
\l_MT_shortvdotswithinadjustbelow_dim=\dimen188
\l_MT_above_intertext_sep=\dimen189
\l_MT_below_intertext_sep=\dimen190
\l_MT_above_shortintertext_sep=\dimen191
\l_MT_below_shortintertext_sep=\dimen192
\xmathstrut@box=\box57
\xmathstrut@dim=\dimen193
)
(e:/ruanjian/LaTeX/LaTeX 2024(64bit)/texlive/2024/texmf-dist/tex/latex/amscls/a
msthm.sty
Package: amsthm 2020/05/29 v2.20.6
\thm@style=\toks23
\thm@bodyfont=\toks24
\thm@headfont=\toks25
\thm@notefont=\toks26
\thm@headpunct=\toks27
\thm@preskip=\skip67
\thm@postskip=\skip68
\thm@headsep=\skip69
\dth@everypar=\toks28
)
(e:/ruanjian/LaTeX/LaTeX 2024(64bit)/texlive/2024/texmf-dist/tex/latex/geometry
/geometry.sty
Package: geometry 2020/01/02 v5.9 Page Geometry

(e:/ruanjian/LaTeX/LaTeX 2024(64bit)/texlive/2024/texmf-dist/tex/generic/iftex/
ifvtex.sty
Package: ifvtex 2019/10/25 v1.7 ifvtex legacy package. Use iftex instead.

(e:/ruanjian/LaTeX/LaTeX 2024(64bit)/texlive/2024/texmf-dist/tex/generic/iftex/
iftex.sty
Package: iftex 2022/02/03 v1.0f TeX engine tests
))
\Gm@cnth=\count307
\Gm@cntv=\count308
\c@Gm@tempcnt=\count309
\Gm@bindingoffset=\dimen194
\Gm@wd@mp=\dimen195
\Gm@odd@mp=\dimen196
\Gm@even@mp=\dimen197
\Gm@layoutwidth=\dimen198
\Gm@layoutheight=\dimen199
\Gm@layouthoffset=\dimen256
\Gm@layoutvoffset=\dimen257
\Gm@dimlist=\toks29
)
(e:/ruanjian/LaTeX/LaTeX 2024(64bit)/texlive/2024/texmf-dist/tex/latex/booktabs
/booktabs.sty
Package: booktabs 2020/01/12 v1.61803398 Publication quality tables
\heavyrulewidth=\dimen258
\lightrulewidth=\dimen259
\cmidrulewidth=\dimen260
\belowrulesep=\dimen261
\belowbottomsep=\dimen262
\aboverulesep=\dimen263
\abovetopsep=\dimen264
\cmidrulesep=\dimen265
\cmidrulekern=\dimen266
\defaultaddspace=\dimen267
\@cmidla=\count310
\@cmidlb=\count311
\@aboverulesep=\dimen268
\@belowrulesep=\dimen269
\@thisruleclass=\count312
\@lastruleclass=\count313
\@thisrulewidth=\dimen270
)
(e:/ruanjian/LaTeX/LaTeX 2024(64bit)/texlive/2024/texmf-dist/tex/latex/tools/ta
bularx.sty
Package: tabularx 2023/07/08 v2.11c `tabularx' package (DPC)

(e:/ruanjian/LaTeX/LaTeX 2024(64bit)/texlive/2024/texmf-dist/tex/latex/tools/ar
ray.sty
Package: array 2023/10/16 v2.5g Tabular extension package (FMi)
\col@sep=\dimen271
\ar@mcellbox=\box58
\extrarowheight=\dimen272
\NC@list=\toks30
\extratabsurround=\skip70
\backup@length=\skip71
\ar@cellbox=\box59
)
\TX@col@width=\dimen273
\TX@old@table=\dimen274
\TX@old@col=\dimen275
\TX@target=\dimen276
\TX@delta=\dimen277
\TX@cols=\count314
\TX@ftn=\toks31
)
(e:/ruanjian/LaTeX/LaTeX 2024(64bit)/texlive/2024/texmf-dist/tex/latex/xcolor/x
color.sty
Package: xcolor 2023/11/15 v3.01 LaTeX color extensions (UK)

(e:/ruanjian/LaTeX/LaTeX 2024(64bit)/texlive/2024/texmf-dist/tex/latex/graphics
-cfg/color.cfg
File: color.cfg 2016/01/02 v1.6 sample color configuration
)
Package xcolor Info: Driver file: xetex.def on input line 274.

(e:/ruanjian/LaTeX/LaTeX 2024(64bit)/texlive/2024/texmf-dist/tex/latex/graphics
-def/xetex.def
File: xetex.def 2022/09/22 v5.0n Graphics/color driver for xetex
)
(e:/ruanjian/LaTeX/LaTeX 2024(64bit)/texlive/2024/texmf-dist/tex/latex/graphics
/mathcolor.ltx)
Package xcolor Info: Model `cmy' substituted by `cmy0' on input line 1350.
Package xcolor Info: Model `RGB' extended on input line 1366.
Package xcolor Info: Model `HTML' substituted by `rgb' on input line 1368.
Package xcolor Info: Model `Hsb' substituted by `hsb' on input line 1369.
Package xcolor Info: Model `tHsb' substituted by `hsb' on input line 1370.
Package xcolor Info: Model `HSB' substituted by `hsb' on input line 1371.
Package xcolor Info: Model `Gray' substituted by `gray' on input line 1372.
Package xcolor Info: Model `wave' substituted by `hsb' on input line 1373.
)
(e:/ruanjian/LaTeX/LaTeX 2024(64bit)/texlive/2024/texmf-dist/tex/latex/colortbl
/colortbl.sty
Package: colortbl 2024/02/20 v1.0g Color table columns (DPC)
\everycr=\toks32
\minrowclearance=\skip72
\rownum=\count315
)
(e:/ruanjian/LaTeX/LaTeX 2024(64bit)/texlive/2024/texmf-dist/tex/latex/enumitem
/enumitem.sty
Package: enumitem 2019/06/20 v3.9 Customized lists
\labelindent=\skip73
\enit@outerparindent=\dimen278
\enit@toks=\toks33
\enit@inbox=\box60
\enit@count@id=\count316
\enitdp@description=\count317
)
(e:/ruanjian/LaTeX/LaTeX 2024(64bit)/texlive/2024/texmf-dist/tex/latex/setspace
/setspace.sty
Package: setspace 2022/12/04 v6.7b set line spacing
)
(e:/ruanjian/LaTeX/LaTeX 2024(64bit)/texlive/2024/texmf-dist/tex/latex/fancyhdr
/fancyhdr.sty
Package: fancyhdr 2022/11/09 v4.1 Extensive control of page headers and footers

\f@nch@headwidth=\skip74
\f@nch@O@elh=\skip75
\f@nch@O@erh=\skip76
\f@nch@O@olh=\skip77
\f@nch@O@orh=\skip78
\f@nch@O@elf=\skip79
\f@nch@O@erf=\skip80
\f@nch@O@olf=\skip81
\f@nch@O@orf=\skip82
)
(e:/ruanjian/LaTeX/LaTeX 2024(64bit)/texlive/2024/texmf-dist/tex/latex/tcolorbo
x/tcolorbox.sty
Package: tcolorbox 2024/01/10 version 6.2.0 text color boxes

(e:/ruanjian/LaTeX/LaTeX 2024(64bit)/texlive/2024/texmf-dist/tex/latex/pgf/basi
clayer/pgf.sty
(e:/ruanjian/LaTeX/LaTeX 2024(64bit)/texlive/2024/texmf-dist/tex/latex/pgf/util
ities/pgfrcs.sty
(e:/ruanjian/LaTeX/LaTeX 2024(64bit)/texlive/2024/texmf-dist/tex/generic/pgf/ut
ilities/pgfutil-common.tex
\pgfutil@everybye=\toks34
\pgfutil@tempdima=\dimen279
\pgfutil@tempdimb=\dimen280
)
(e:/ruanjian/LaTeX/LaTeX 2024(64bit)/texlive/2024/texmf-dist/tex/generic/pgf/ut
ilities/pgfutil-latex.def
\pgfutil@abb=\box61
)
(e:/ruanjian/LaTeX/LaTeX 2024(64bit)/texlive/2024/texmf-dist/tex/generic/pgf/ut
ilities/pgfrcs.code.tex
(e:/ruanjian/LaTeX/LaTeX 2024(64bit)/texlive/2024/texmf-dist/tex/generic/pgf/pg
f.revision.tex)
Package: pgfrcs 2023-01-15 v3.1.10 (3.1.10)
))
Package: pgf 2023-01-15 v3.1.10 (3.1.10)

(e:/ruanjian/LaTeX/LaTeX 2024(64bit)/texlive/2024/texmf-dist/tex/latex/pgf/basi
clayer/pgfcore.sty
(e:/ruanjian/LaTeX/LaTeX 2024(64bit)/texlive/2024/texmf-dist/tex/latex/graphics
/graphicx.sty
Package: graphicx 2021/09/16 v1.2d Enhanced LaTeX Graphics (DPC,SPQR)

(e:/ruanjian/LaTeX/LaTeX 2024(64bit)/texlive/2024/texmf-dist/tex/latex/graphics
/graphics.sty
Package: graphics 2022/03/10 v1.4e Standard LaTeX Graphics (DPC,SPQR)

(e:/ruanjian/LaTeX/LaTeX 2024(64bit)/texlive/2024/texmf-dist/tex/latex/graphics
/trig.sty
Package: trig 2021/08/11 v1.11 sin cos tan (DPC)
)
(e:/ruanjian/LaTeX/LaTeX 2024(64bit)/texlive/2024/texmf-dist/tex/latex/graphics
-cfg/graphics.cfg
File: graphics.cfg 2016/06/04 v1.11 sample graphics configuration
)
Package graphics Info: Driver file: xetex.def on input line 107.
)
\Gin@req@height=\dimen281
\Gin@req@width=\dimen282
)
(e:/ruanjian/LaTeX/LaTeX 2024(64bit)/texlive/2024/texmf-dist/tex/latex/pgf/syst
emlayer/pgfsys.sty
(e:/ruanjian/LaTeX/LaTeX 2024(64bit)/texlive/2024/texmf-dist/tex/generic/pgf/sy
stemlayer/pgfsys.code.tex
Package: pgfsys 2023-01-15 v3.1.10 (3.1.10)

(e:/ruanjian/LaTeX/LaTeX 2024(64bit)/texlive/2024/texmf-dist/tex/generic/pgf/ut
ilities/pgfkeys.code.tex
\pgfkeys@pathtoks=\toks35
\pgfkeys@temptoks=\toks36

(e:/ruanjian/LaTeX/LaTeX 2024(64bit)/texlive/2024/texmf-dist/tex/generic/pgf/ut
ilities/pgfkeyslibraryfiltered.code.tex
\pgfkeys@tmptoks=\toks37
))
\pgf@x=\dimen283
\pgf@y=\dimen284
\pgf@xa=\dimen285
\pgf@ya=\dimen286
\pgf@xb=\dimen287
\pgf@yb=\dimen288
\pgf@xc=\dimen289
\pgf@yc=\dimen290
\pgf@xd=\dimen291
\pgf@yd=\dimen292
\w@pgf@writea=\write3
\r@pgf@reada=\read2
\c@pgf@counta=\count318
\c@pgf@countb=\count319
\c@pgf@countc=\count320
\c@pgf@countd=\count321
\t@pgf@toka=\toks38
\t@pgf@tokb=\toks39
\t@pgf@tokc=\toks40
\pgf@sys@id@count=\count322

(e:/ruanjian/LaTeX/LaTeX 2024(64bit)/texlive/2024/texmf-dist/tex/generic/pgf/sy
stemlayer/pgf.cfg
File: pgf.cfg 2023-01-15 v3.1.10 (3.1.10)
)
Driver file for pgf: pgfsys-xetex.def

(e:/ruanjian/LaTeX/LaTeX 2024(64bit)/texlive/2024/texmf-dist/tex/generic/pgf/sy
stemlayer/pgfsys-xetex.def
File: pgfsys-xetex.def 2023-01-15 v3.1.10 (3.1.10)

(e:/ruanjian/LaTeX/LaTeX 2024(64bit)/texlive/2024/texmf-dist/tex/generic/pgf/sy
stemlayer/pgfsys-dvipdfmx.def
File: pgfsys-dvipdfmx.def 2023-01-15 v3.1.10 (3.1.10)

(e:/ruanjian/LaTeX/LaTeX 2024(64bit)/texlive/2024/texmf-dist/tex/generic/pgf/sy
stemlayer/pgfsys-common-pdf.def
File: pgfsys-common-pdf.def 2023-01-15 v3.1.10 (3.1.10)
)
\pgfsys@objnum=\count323
)))
(e:/ruanjian/LaTeX/LaTeX 2024(64bit)/texlive/2024/texmf-dist/tex/generic/pgf/sy
stemlayer/pgfsyssoftpath.code.tex
File: pgfsyssoftpath.code.tex 2023-01-15 v3.1.10 (3.1.10)
\pgfsyssoftpath@smallbuffer@items=\count324
\pgfsyssoftpath@bigbuffer@items=\count325
)
(e:/ruanjian/LaTeX/LaTeX 2024(64bit)/texlive/2024/texmf-dist/tex/generic/pgf/sy
stemlayer/pgfsysprotocol.code.tex
File: pgfsysprotocol.code.tex 2023-01-15 v3.1.10 (3.1.10)
))
(e:/ruanjian/LaTeX/LaTeX 2024(64bit)/texlive/2024/texmf-dist/tex/generic/pgf/ba
siclayer/pgfcore.code.tex
Package: pgfcore 2023-01-15 v3.1.10 (3.1.10)

(e:/ruanjian/LaTeX/LaTeX 2024(64bit)/texlive/2024/texmf-dist/tex/generic/pgf/ma
th/pgfmath.code.tex
(e:/ruanjian/LaTeX/LaTeX 2024(64bit)/texlive/2024/texmf-dist/tex/generic/pgf/ma
th/pgfmathutil.code.tex)
(e:/ruanjian/LaTeX/LaTeX 2024(64bit)/texlive/2024/texmf-dist/tex/generic/pgf/ma
th/pgfmathparser.code.tex
\pgfmath@dimen=\dimen293
\pgfmath@count=\count326
\pgfmath@box=\box62
\pgfmath@toks=\toks41
\pgfmath@stack@operand=\toks42
\pgfmath@stack@operation=\toks43
)
(e:/ruanjian/LaTeX/LaTeX 2024(64bit)/texlive/2024/texmf-dist/tex/generic/pgf/ma
th/pgfmathfunctions.code.tex)
(e:/ruanjian/LaTeX/LaTeX 2024(64bit)/texlive/2024/texmf-dist/tex/generic/pgf/ma
th/pgfmathfunctions.basic.code.tex)
(e:/ruanjian/LaTeX/LaTeX 2024(64bit)/texlive/2024/texmf-dist/tex/generic/pgf/ma
th/pgfmathfunctions.trigonometric.code.tex)
(e:/ruanjian/LaTeX/LaTeX 2024(64bit)/texlive/2024/texmf-dist/tex/generic/pgf/ma
th/pgfmathfunctions.random.code.tex)
(e:/ruanjian/LaTeX/LaTeX 2024(64bit)/texlive/2024/texmf-dist/tex/generic/pgf/ma
th/pgfmathfunctions.comparison.code.tex)
(e:/ruanjian/LaTeX/LaTeX 2024(64bit)/texlive/2024/texmf-dist/tex/generic/pgf/ma
th/pgfmathfunctions.base.code.tex)
(e:/ruanjian/LaTeX/LaTeX 2024(64bit)/texlive/2024/texmf-dist/tex/generic/pgf/ma
th/pgfmathfunctions.round.code.tex)
(e:/ruanjian/LaTeX/LaTeX 2024(64bit)/texlive/2024/texmf-dist/tex/generic/pgf/ma
th/pgfmathfunctions.misc.code.tex)
(e:/ruanjian/LaTeX/LaTeX 2024(64bit)/texlive/2024/texmf-dist/tex/generic/pgf/ma
th/pgfmathfunctions.integerarithmetics.code.tex)
(e:/ruanjian/LaTeX/LaTeX 2024(64bit)/texlive/2024/texmf-dist/tex/generic/pgf/ma
th/pgfmathcalc.code.tex)
(e:/ruanjian/LaTeX/LaTeX 2024(64bit)/texlive/2024/texmf-dist/tex/generic/pgf/ma
th/pgfmathfloat.code.tex
\c@pgfmathroundto@lastzeros=\count327
))
(e:/ruanjian/LaTeX/LaTeX 2024(64bit)/texlive/2024/texmf-dist/tex/generic/pgf/ma
th/pgfint.code.tex)
(e:/ruanjian/LaTeX/LaTeX 2024(64bit)/texlive/2024/texmf-dist/tex/generic/pgf/ba
siclayer/pgfcorepoints.code.tex
File: pgfcorepoints.code.tex 2023-01-15 v3.1.10 (3.1.10)
\pgf@picminx=\dimen294
\pgf@picmaxx=\dimen295
\pgf@picminy=\dimen296
\pgf@picmaxy=\dimen297
\pgf@pathminx=\dimen298
\pgf@pathmaxx=\dimen299
\pgf@pathminy=\dimen300
\pgf@pathmaxy=\dimen301
\pgf@xx=\dimen302
\pgf@xy=\dimen303
\pgf@yx=\dimen304
\pgf@yy=\dimen305
\pgf@zx=\dimen306
\pgf@zy=\dimen307
)
(e:/ruanjian/LaTeX/LaTeX 2024(64bit)/texlive/2024/texmf-dist/tex/generic/pgf/ba
siclayer/pgfcorepathconstruct.code.tex
File: pgfcorepathconstruct.code.tex 2023-01-15 v3.1.10 (3.1.10)
\pgf@path@lastx=\dimen308
\pgf@path@lasty=\dimen309
)
(e:/ruanjian/LaTeX/LaTeX 2024(64bit)/texlive/2024/texmf-dist/tex/generic/pgf/ba
siclayer/pgfcorepathusage.code.tex
File: pgfcorepathusage.code.tex 2023-01-15 v3.1.10 (3.1.10)
\pgf@shorten@end@additional=\dimen310
\pgf@shorten@start@additional=\dimen311
)
(e:/ruanjian/LaTeX/LaTeX 2024(64bit)/texlive/2024/texmf-dist/tex/generic/pgf/ba
siclayer/pgfcorescopes.code.tex
File: pgfcorescopes.code.tex 2023-01-15 v3.1.10 (3.1.10)
\pgfpic=\box63
\pgf@hbox=\box64
\pgf@layerbox@main=\box65
\pgf@picture@serial@count=\count328
)
(e:/ruanjian/LaTeX/LaTeX 2024(64bit)/texlive/2024/texmf-dist/tex/generic/pgf/ba
siclayer/pgfcoregraphicstate.code.tex
File: pgfcoregraphicstate.code.tex 2023-01-15 v3.1.10 (3.1.10)
\pgflinewidth=\dimen312
)
(e:/ruanjian/LaTeX/LaTeX 2024(64bit)/texlive/2024/texmf-dist/tex/generic/pgf/ba
siclayer/pgfcoretransformations.code.tex
File: pgfcoretransformations.code.tex 2023-01-15 v3.1.10 (3.1.10)
\pgf@pt@x=\dimen313
\pgf@pt@y=\dimen314
\pgf@pt@temp=\dimen315
)
(e:/ruanjian/LaTeX/LaTeX 2024(64bit)/texlive/2024/texmf-dist/tex/generic/pgf/ba
siclayer/pgfcorequick.code.tex
File: pgfcorequick.code.tex 2023-01-15 v3.1.10 (3.1.10)
)
(e:/ruanjian/LaTeX/LaTeX 2024(64bit)/texlive/2024/texmf-dist/tex/generic/pgf/ba
siclayer/pgfcoreobjects.code.tex
File: pgfcoreobjects.code.tex 2023-01-15 v3.1.10 (3.1.10)
)
(e:/ruanjian/LaTeX/LaTeX 2024(64bit)/texlive/2024/texmf-dist/tex/generic/pgf/ba
siclayer/pgfcorepathprocessing.code.tex
File: pgfcorepathprocessing.code.tex 2023-01-15 v3.1.10 (3.1.10)
)
(e:/ruanjian/LaTeX/LaTeX 2024(64bit)/texlive/2024/texmf-dist/tex/generic/pgf/ba
siclayer/pgfcorearrows.code.tex
File: pgfcorearrows.code.tex 2023-01-15 v3.1.10 (3.1.10)
\pgfarrowsep=\dimen316
)
(e:/ruanjian/LaTeX/LaTeX 2024(64bit)/texlive/2024/texmf-dist/tex/generic/pgf/ba
siclayer/pgfcoreshade.code.tex
File: pgfcoreshade.code.tex 2023-01-15 v3.1.10 (3.1.10)
\pgf@max=\dimen317
\pgf@sys@shading@range@num=\count329
\pgf@shadingcount=\count330
)
(e:/ruanjian/LaTeX/LaTeX 2024(64bit)/texlive/2024/texmf-dist/tex/generic/pgf/ba
siclayer/pgfcoreimage.code.tex
File: pgfcoreimage.code.tex 2023-01-15 v3.1.10 (3.1.10)
)
(e:/ruanjian/LaTeX/LaTeX 2024(64bit)/texlive/2024/texmf-dist/tex/generic/pgf/ba
siclayer/pgfcoreexternal.code.tex
File: pgfcoreexternal.code.tex 2023-01-15 v3.1.10 (3.1.10)
\pgfexternal@startupbox=\box66
)
(e:/ruanjian/LaTeX/LaTeX 2024(64bit)/texlive/2024/texmf-dist/tex/generic/pgf/ba
siclayer/pgfcorelayers.code.tex
File: pgfcorelayers.code.tex 2023-01-15 v3.1.10 (3.1.10)
)
(e:/ruanjian/LaTeX/LaTeX 2024(64bit)/texlive/2024/texmf-dist/tex/generic/pgf/ba
siclayer/pgfcoretransparency.code.tex
File: pgfcoretransparency.code.tex 2023-01-15 v3.1.10 (3.1.10)
)
(e:/ruanjian/LaTeX/LaTeX 2024(64bit)/texlive/2024/texmf-dist/tex/generic/pgf/ba
siclayer/pgfcorepatterns.code.tex
File: pgfcorepatterns.code.tex 2023-01-15 v3.1.10 (3.1.10)
)
(e:/ruanjian/LaTeX/LaTeX 2024(64bit)/texlive/2024/texmf-dist/tex/generic/pgf/ba
siclayer/pgfcorerdf.code.tex
File: pgfcorerdf.code.tex 2023-01-15 v3.1.10 (3.1.10)
)))
(e:/ruanjian/LaTeX/LaTeX 2024(64bit)/texlive/2024/texmf-dist/tex/generic/pgf/mo
dules/pgfmoduleshapes.code.tex
File: pgfmoduleshapes.code.tex 2023-01-15 v3.1.10 (3.1.10)
\pgfnodeparttextbox=\box67
)
(e:/ruanjian/LaTeX/LaTeX 2024(64bit)/texlive/2024/texmf-dist/tex/generic/pgf/mo
dules/pgfmoduleplot.code.tex
File: pgfmoduleplot.code.tex 2023-01-15 v3.1.10 (3.1.10)
)
(e:/ruanjian/LaTeX/LaTeX 2024(64bit)/texlive/2024/texmf-dist/tex/latex/pgf/comp
atibility/pgfcomp-version-0-65.sty
Package: pgfcomp-version-0-65 2023-01-15 v3.1.10 (3.1.10)
\pgf@nodesepstart=\dimen318
\pgf@nodesepend=\dimen319
)
(e:/ruanjian/LaTeX/LaTeX 2024(64bit)/texlive/2024/texmf-dist/tex/latex/pgf/comp
atibility/pgfcomp-version-1-18.sty
Package: pgfcomp-version-1-18 2023-01-15 v3.1.10 (3.1.10)
))
(e:/ruanjian/LaTeX/LaTeX 2024(64bit)/texlive/2024/texmf-dist/tex/latex/tools/ve
rbatim.sty
Package: verbatim 2023-11-06 v1.5v LaTeX2e package for verbatim enhancements
\every@verbatim=\toks44
\verbatim@line=\toks45
\verbatim@in@stream=\read3
)
(e:/ruanjian/LaTeX/LaTeX 2024(64bit)/texlive/2024/texmf-dist/tex/latex/environ/
environ.sty
Package: environ 2014/05/04 v0.3 A new way to define environments

(e:/ruanjian/LaTeX/LaTeX 2024(64bit)/texlive/2024/texmf-dist/tex/latex/trimspac
es/trimspaces.sty
Package: trimspaces 2009/09/17 v1.1 Trim spaces around a token list
))
(e:/ruanjian/LaTeX/LaTeX 2024(64bit)/texlive/2024/texmf-dist/tex/latex/etoolbox
/etoolbox.sty
Package: etoolbox 2020/10/05 v2.5k e-TeX tools for LaTeX (JAW)
\etb@tempcnta=\count331
)
\tcb@titlebox=\box68
\tcb@upperbox=\box69
\tcb@lowerbox=\box70
\tcb@phantombox=\box71
\c@tcbbreakpart=\count332
\c@tcblayer=\count333
\c@tcolorbox@number=\count334
\l__tcobox_tmpa_box=\box72
\l__tcobox_tmpa_dim=\dimen320
\tcb@temp=\box73
\tcb@temp=\box74
\tcb@temp=\box75
\tcb@temp=\box76
)
(e:/ruanjian/LaTeX/LaTeX 2024(64bit)/texlive/2024/texmf-dist/tex/latex/tcolorbo
x/tcbskins.code.tex
Library (tcolorbox): 'tcbskins.code.tex' version '6.2.0'

(e:/ruanjian/LaTeX/LaTeX 2024(64bit)/texlive/2024/texmf-dist/tex/latex/pgf/fron
tendlayer/tikz.sty
(e:/ruanjian/LaTeX/LaTeX 2024(64bit)/texlive/2024/texmf-dist/tex/latex/pgf/util
ities/pgffor.sty
(e:/ruanjian/LaTeX/LaTeX 2024(64bit)/texlive/2024/texmf-dist/tex/latex/pgf/util
ities/pgfkeys.sty
(e:/ruanjian/LaTeX/LaTeX 2024(64bit)/texlive/2024/texmf-dist/tex/generic/pgf/ut
ilities/pgfkeys.code.tex))
(e:/ruanjian/LaTeX/LaTeX 2024(64bit)/texlive/2024/texmf-dist/tex/latex/pgf/math
/pgfmath.sty
(e:/ruanjian/LaTeX/LaTeX 2024(64bit)/texlive/2024/texmf-dist/tex/generic/pgf/ma
th/pgfmath.code.tex))
(e:/ruanjian/LaTeX/LaTeX 2024(64bit)/texlive/2024/texmf-dist/tex/generic/pgf/ut
ilities/pgffor.code.tex
Package: pgffor 2023-01-15 v3.1.10 (3.1.10)
\pgffor@iter=\dimen321
\pgffor@skip=\dimen322
\pgffor@stack=\toks46
\pgffor@toks=\toks47
))
(e:/ruanjian/LaTeX/LaTeX 2024(64bit)/texlive/2024/texmf-dist/tex/generic/pgf/fr
ontendlayer/tikz/tikz.code.tex
Package: tikz 2023-01-15 v3.1.10 (3.1.10)

(e:/ruanjian/LaTeX/LaTeX 2024(64bit)/texlive/2024/texmf-dist/tex/generic/pgf/li
braries/pgflibraryplothandlers.code.tex
File: pgflibraryplothandlers.code.tex 2023-01-15 v3.1.10 (3.1.10)
\pgf@plot@mark@count=\count335
\pgfplotmarksize=\dimen323
)
\tikz@lastx=\dimen324
\tikz@lasty=\dimen325
\tikz@lastxsaved=\dimen326
\tikz@lastysaved=\dimen327
\tikz@lastmovetox=\dimen328
\tikz@lastmovetoy=\dimen329
\tikzleveldistance=\dimen330
\tikzsiblingdistance=\dimen331
\tikz@figbox=\box77
\tikz@figbox@bg=\box78
\tikz@tempbox=\box79
\tikz@tempbox@bg=\box80
\tikztreelevel=\count336
\tikznumberofchildren=\count337
\tikznumberofcurrentchild=\count338
\tikz@fig@count=\count339

(e:/ruanjian/LaTeX/LaTeX 2024(64bit)/texlive/2024/texmf-dist/tex/generic/pgf/mo
dules/pgfmodulematrix.code.tex
File: pgfmodulematrix.code.tex 2023-01-15 v3.1.10 (3.1.10)
\pgfmatrixcurrentrow=\count340
\pgfmatrixcurrentcolumn=\count341
\pgf@matrix@numberofcolumns=\count342
)
\tikz@expandcount=\count343

(e:/ruanjian/LaTeX/LaTeX 2024(64bit)/texlive/2024/texmf-dist/tex/generic/pgf/fr
ontendlayer/tikz/libraries/tikzlibrarytopaths.code.tex
File: tikzlibrarytopaths.code.tex 2023-01-15 v3.1.10 (3.1.10)
)))
(e:/ruanjian/LaTeX/LaTeX 2024(64bit)/texlive/2024/texmf-dist/tex/latex/tikzfill
/tikzfill.image.sty
Package: tikzfill.image 2023/08/08 v1.0.1 Image filling library for TikZ

(e:/ruanjian/LaTeX/LaTeX 2024(64bit)/texlive/2024/texmf-dist/tex/latex/tikzfill
/tikzfill-common.sty
Package: tikzfill-common 2023/08/08 v1.0.1 Auxiliary code for tikzfill
)
(e:/ruanjian/LaTeX/LaTeX 2024(64bit)/texlive/2024/texmf-dist/tex/latex/tikzfill
/tikzlibraryfill.image.code.tex
File: tikzlibraryfill.image.code.tex 2023/08/08 v1.0.1 Image filling library
\l__tikzfill_img_box=\box81
))
(e:/ruanjian/LaTeX/LaTeX 2024(64bit)/texlive/2024/texmf-dist/tex/latex/tcolorbo
x/tcbskinsjigsaw.code.tex
Library (tcolorbox): 'tcbskinsjigsaw.code.tex' version '6.2.0'
))
(e:/ruanjian/LaTeX/LaTeX 2024(64bit)/texlive/2024/texmf-dist/tex/latex/tcolorbo
x/tcbbreakable.code.tex
Library (tcolorbox): 'tcbbreakable.code.tex' version '6.2.0'

(e:/ruanjian/LaTeX/LaTeX 2024(64bit)/texlive/2024/texmf-dist/tex/latex/pdfcol/p
dfcol.sty
Package: pdfcol 2022-09-21 v1.7 Handle new color stacks for pdfTeX (HO)

(e:/ruanjian/LaTeX/LaTeX 2024(64bit)/texlive/2024/texmf-dist/tex/generic/ltxcmd
s/ltxcmds.sty
Package: ltxcmds 2023-12-04 v1.26 LaTeX kernel commands for general use (HO)
)
(e:/ruanjian/LaTeX/LaTeX 2024(64bit)/texlive/2024/texmf-dist/tex/generic/infwar
err/infwarerr.sty
Package: infwarerr 2019/12/03 v1.5 Providing info/warning/error messages (HO)
)
Package pdfcol Info: Interface disabled because of missing PDF mode of pdfTeX.
)
Package pdfcol Info: pdfTeX's color stacks are not available.
\tcb@testbox=\box82
\tcb@totalupperbox=\box83
\tcb@totallowerbox=\box84
)
(e:/ruanjian/LaTeX/LaTeX 2024(64bit)/texlive/2024/texmf-dist/tex/latex/titlesec
/titlesec.sty
Package: titlesec 2023/10/27 v2.16 Sectioning titles
\ttl@box=\box85
\beforetitleunit=\skip83
\aftertitleunit=\skip84
\ttl@plus=\dimen332
\ttl@minus=\dimen333
\ttl@toksa=\toks48
\titlewidth=\dimen334
\titlewidthlast=\dimen335
\titlewidthfirst=\dimen336
)
(e:/ruanjian/LaTeX/LaTeX 2024(64bit)/texlive/2024/texmf-dist/tex/latex/ifplatfo
rm/ifplatform.sty
Package: ifplatform 2017/10/13 v0.4a Testing for the operating system

(e:/ruanjian/LaTeX/LaTeX 2024(64bit)/texlive/2024/texmf-dist/tex/latex/tools/sh
ellesc.sty
Package: shellesc 2023/07/08 v1.0d unified shell escape interface for LaTeX
Package shellesc Info: Restricted shell escape enabled on input line 77.
)
(e:/ruanjian/LaTeX/LaTeX 2024(64bit)/texlive/2024/texmf-dist/tex/generic/pdftex
cmds/pdftexcmds.sty
Package: pdftexcmds 2020-06-27 v0.33 Utility functions of pdfTeX for LuaTeX (HO
)
Package pdftexcmds Info: \pdf@primitive is available.
Package pdftexcmds Info: \pdf@ifprimitive is available.
Package pdftexcmds Info: \pdfdraftmode not found.
)
(e:/ruanjian/LaTeX/LaTeX 2024(64bit)/texlive/2024/texmf-dist/tex/generic/catchf
ile/catchfile.sty
Package: catchfile 2019/12/09 v1.8 Catch the contents of a file (HO)

(e:/ruanjian/LaTeX/LaTeX 2024(64bit)/texlive/2024/texmf-dist/tex/generic/etexcm
ds/etexcmds.sty
Package: etexcmds 2019/12/15 v1.7 Avoid name clashes with e-TeX commands (HO)
))
(e:/ruanjian/LaTeX/LaTeX 2024(64bit)/texlive/2024/texmf-dist/tex/generic/iftex/
ifluatex.sty
Package: ifluatex 2019/10/25 v1.5 ifluatex legacy package. Use iftex instead.
)

Package ifplatform Warning: 
    shell escape is disabled, so I can only detect \ifwindows.

)
(e:/ruanjian/LaTeX/LaTeX 2024(64bit)/texlive/2024/texmf-dist/tex/latex/hyperref
/hyperref.sty
Package: hyperref 2024-01-20 v7.01h Hypertext links for LaTeX

(e:/ruanjian/LaTeX/LaTeX 2024(64bit)/texlive/2024/texmf-dist/tex/latex/kvsetkey
s/kvsetkeys.sty
Package: kvsetkeys 2022-10-05 v1.19 Key value parser (HO)
)
(e:/ruanjian/LaTeX/LaTeX 2024(64bit)/texlive/2024/texmf-dist/tex/generic/kvdefi
nekeys/kvdefinekeys.sty
Package: kvdefinekeys 2019-12-19 v1.6 Define keys (HO)
)
(e:/ruanjian/LaTeX/LaTeX 2024(64bit)/texlive/2024/texmf-dist/tex/generic/pdfesc
ape/pdfescape.sty
Package: pdfescape 2019/12/09 v1.15 Implements pdfTeX's escape features (HO)
)
(e:/ruanjian/LaTeX/LaTeX 2024(64bit)/texlive/2024/texmf-dist/tex/latex/hycolor/
hycolor.sty
Package: hycolor 2020-01-27 v1.10 Color options for hyperref/bookmark (HO)
)
(e:/ruanjian/LaTeX/LaTeX 2024(64bit)/texlive/2024/texmf-dist/tex/latex/auxhook/
auxhook.sty
Package: auxhook 2019-12-17 v1.6 Hooks for auxiliary files (HO)
)
(e:/ruanjian/LaTeX/LaTeX 2024(64bit)/texlive/2024/texmf-dist/tex/latex/hyperref
/nameref.sty
Package: nameref 2023-11-26 v2.56 Cross-referencing by name of section

(e:/ruanjian/LaTeX/LaTeX 2024(64bit)/texlive/2024/texmf-dist/tex/latex/refcount
/refcount.sty
Package: refcount 2019/12/15 v3.6 Data extraction from label references (HO)
)
(e:/ruanjian/LaTeX/LaTeX 2024(64bit)/texlive/2024/texmf-dist/tex/generic/gettit
lestring/gettitlestring.sty
Package: gettitlestring 2019/12/15 v1.6 Cleanup title references (HO)

(e:/ruanjian/LaTeX/LaTeX 2024(64bit)/texlive/2024/texmf-dist/tex/latex/kvoption
s/kvoptions.sty
Package: kvoptions 2022-06-15 v3.15 Key value format for package options (HO)
))
\c@section@level=\count344
)
\@linkdim=\dimen337
\Hy@linkcounter=\count345
\Hy@pagecounter=\count346

(e:/ruanjian/LaTeX/LaTeX 2024(64bit)/texlive/2024/texmf-dist/tex/latex/hyperref
/pd1enc.def
File: pd1enc.def 2024-01-20 v7.01h Hyperref: PDFDocEncoding definition (HO)
)
(e:/ruanjian/LaTeX/LaTeX 2024(64bit)/texlive/2024/texmf-dist/tex/generic/intcal
c/intcalc.sty
Package: intcalc 2019/12/15 v1.3 Expandable calculations with integers (HO)
)
\Hy@SavedSpaceFactor=\count347

(e:/ruanjian/LaTeX/LaTeX 2024(64bit)/texlive/2024/texmf-dist/tex/latex/hyperref
/puenc.def
File: puenc.def 2024-01-20 v7.01h Hyperref: PDF Unicode definition (HO)
)
Package hyperref Info: Option `unicode' set `true' on input line 4062.
Package hyperref Info: Hyper figures OFF on input line 4179.
Package hyperref Info: Link nesting OFF on input line 4184.
Package hyperref Info: Hyper index ON on input line 4187.
Package hyperref Info: Plain pages OFF on input line 4194.
Package hyperref Info: Backreferencing OFF on input line 4199.
Package hyperref Info: Implicit mode ON; LaTeX internals redefined.
Package hyperref Info: Bookmarks ON on input line 4446.
\c@Hy@tempcnt=\count348

(e:/ruanjian/LaTeX/LaTeX 2024(64bit)/texlive/2024/texmf-dist/tex/latex/url/url.
sty
\Urlmuskip=\muskip18
Package: url 2013/09/16  ver 3.4  Verb mode for urls, etc.
)
LaTeX Info: Redefining \url on input line 4784.
\XeTeXLinkMargin=\dimen338

(e:/ruanjian/LaTeX/LaTeX 2024(64bit)/texlive/2024/texmf-dist/tex/generic/bitset
/bitset.sty
Package: bitset 2019/12/09 v1.3 Handle bit-vector datatype (HO)

(e:/ruanjian/LaTeX/LaTeX 2024(64bit)/texlive/2024/texmf-dist/tex/generic/bigint
calc/bigintcalc.sty
Package: bigintcalc 2019/12/15 v1.5 Expandable calculations on big integers (HO
)
))
\Fld@menulength=\count349
\Field@Width=\dimen339
\Fld@charsize=\dimen340
Package hyperref Info: Hyper figures OFF on input line 6063.
Package hyperref Info: Link nesting OFF on input line 6068.
Package hyperref Info: Hyper index ON on input line 6071.
Package hyperref Info: backreferencing OFF on input line 6078.
Package hyperref Info: Link coloring OFF on input line 6083.
Package hyperref Info: Link coloring with OCG OFF on input line 6088.
Package hyperref Info: PDF/A mode OFF on input line 6093.

(e:/ruanjian/LaTeX/LaTeX 2024(64bit)/texlive/2024/texmf-dist/tex/latex/base/atb
egshi-ltx.sty
Package: atbegshi-ltx 2021/01/10 v1.0c Emulation of the original atbegshi
package with kernel methods
)
\Hy@abspage=\count350
\c@Item=\count351
\c@Hfootnote=\count352
)
Package hyperref Info: Driver (autodetected): hxetex.

(e:/ruanjian/LaTeX/LaTeX 2024(64bit)/texlive/2024/texmf-dist/tex/latex/hyperref
/hxetex.def
File: hxetex.def 2024-01-20 v7.01h Hyperref driver for XeTeX

(e:/ruanjian/LaTeX/LaTeX 2024(64bit)/texlive/2024/texmf-dist/tex/generic/string
enc/stringenc.sty
Package: stringenc 2019/11/29 v1.12 Convert strings between diff. encodings (HO
)
)
\pdfm@box=\box86
\c@Hy@AnnotLevel=\count353
\HyField@AnnotCount=\count354
\Fld@listcount=\count355
\c@bookmark@seq@number=\count356

(e:/ruanjian/LaTeX/LaTeX 2024(64bit)/texlive/2024/texmf-dist/tex/latex/rerunfil
echeck/rerunfilecheck.sty
Package: rerunfilecheck 2022-07-10 v1.10 Rerun checks for auxiliary files (HO)

(e:/ruanjian/LaTeX/LaTeX 2024(64bit)/texlive/2024/texmf-dist/tex/latex/base/atv
eryend-ltx.sty
Package: atveryend-ltx 2020/08/19 v1.0a Emulation of the original atveryend pac
kage
with kernel methods
)
(e:/ruanjian/LaTeX/LaTeX 2024(64bit)/texlive/2024/texmf-dist/tex/generic/unique
counter/uniquecounter.sty
Package: uniquecounter 2019/12/15 v1.4 Provide unlimited unique counter (HO)
)
Package uniquecounter Info: New unique counter `rerunfilecheck' on input line 2
85.
)
\Hy@SectionHShift=\skip85
)

Package fontspec Info: Font family 'TimesNewRoman(0)' created for font 'Times
(fontspec)             New Roman' with options [Ligatures=TeX,Ligatures=TeX].
(fontspec)              
(fontspec)              This font family consists of the following NFSS
(fontspec)             series/shapes:
(fontspec)              
(fontspec)             - 'normal' (m/n) with NFSS spec.: <->"Times New
(fontspec)             Roman/OT:script=latn;language=dflt;mapping=tex-text;"
(fontspec)             - 'small caps'  (m/sc) with NFSS spec.: <->"Times New
(fontspec)             Roman/OT:script=latn;language=dflt;+smcp;mapping=tex-tex
t;"
(fontspec)             - 'bold' (b/n) with NFSS spec.: <->"Times New
(fontspec)             Roman/B/OT:script=latn;language=dflt;mapping=tex-text;"
(fontspec)             - 'bold small caps'  (b/sc) with NFSS spec.: <->"Times
(fontspec)             New
(fontspec)             Roman/B/OT:script=latn;language=dflt;+smcp;mapping=tex-t
ext;"
(fontspec)             - 'italic' (m/it) with NFSS spec.: <->"Times New
(fontspec)             Roman/I/OT:script=latn;language=dflt;mapping=tex-text;"
(fontspec)             - 'italic small caps'  (m/scit) with NFSS spec.:
(fontspec)             <->"Times New
(fontspec)             Roman/I/OT:script=latn;language=dflt;+smcp;mapping=tex-t
ext;"
(fontspec)             - 'bold italic' (b/it) with NFSS spec.: <->"Times New
(fontspec)             Roman/BI/OT:script=latn;language=dflt;mapping=tex-text;"

(fontspec)             - 'bold italic small caps'  (b/scit) with NFSS spec.:
(fontspec)             <->"Times New
(fontspec)             Roman/BI/OT:script=latn;language=dflt;+smcp;mapping=tex-
text;"



Package xeCJK Warning: Redefining CJKfamily `\CJKrmdefault' (SimSun(0)).


Package fontspec Info: Could not resolve font "SimSun/BI" (it probably doesn't
(fontspec)             exist).


Package fontspec Info: Could not resolve font "SimSun/B" (it probably doesn't
(fontspec)             exist).


Package fontspec Info: Could not resolve font "SimSun/I" (it probably doesn't
(fontspec)             exist).


Package fontspec Info: Font family 'SimSun(1)' created for font 'SimSun' with
(fontspec)             options [Script={CJK}].
(fontspec)              
(fontspec)              This font family consists of the following NFSS
(fontspec)             series/shapes:
(fontspec)              
(fontspec)             - 'normal' (m/n) with NFSS spec.:
(fontspec)             <->"SimSun/OT:script=hani;language=dflt;"
(fontspec)             - 'small caps'  (m/sc) with NFSS spec.: 


Package xeCJK Warning: Redefining CJKfamily `\CJKsfdefault' (Microsoft YaHei).

\c@definition=\count357
\c@theorem=\count358
Package hyperref Info: Option `colorlinks' set `true' on input line 129.
Package hyperref Info: Option `bookmarksnumbered' set `true' on input line 129.

Package hyperref Info: Option `unicode' set `true' on input line 129.
(./KKT.aux)
\openout1 = `KKT.aux'.

LaTeX Font Info:    Checking defaults for OML/cmm/m/it on input line 137.
LaTeX Font Info:    ... okay on input line 137.
LaTeX Font Info:    Checking defaults for OMS/cmsy/m/n on input line 137.
LaTeX Font Info:    ... okay on input line 137.
LaTeX Font Info:    Checking defaults for OT1/cmr/m/n on input line 137.
LaTeX Font Info:    ... okay on input line 137.
LaTeX Font Info:    Checking defaults for T1/cmr/m/n on input line 137.
LaTeX Font Info:    ... okay on input line 137.
LaTeX Font Info:    Checking defaults for TS1/cmr/m/n on input line 137.
LaTeX Font Info:    ... okay on input line 137.
LaTeX Font Info:    Checking defaults for TU/lmr/m/n on input line 137.
LaTeX Font Info:    ... okay on input line 137.
LaTeX Font Info:    Checking defaults for OMX/cmex/m/n on input line 137.
LaTeX Font Info:    ... okay on input line 137.
LaTeX Font Info:    Checking defaults for U/cmr/m/n on input line 137.
LaTeX Font Info:    ... okay on input line 137.
LaTeX Font Info:    Checking defaults for PD1/pdf/m/n on input line 137.
LaTeX Font Info:    ... okay on input line 137.
LaTeX Font Info:    Checking defaults for PU/pdf/m/n on input line 137.
LaTeX Font Info:    ... okay on input line 137.

Package fontspec Info: Adjusting the maths setup (use [no-math] to avoid
(fontspec)             this).

\symlegacymaths=\mathgroup6
LaTeX Font Info:    Overwriting symbol font `legacymaths' in version `bold'
(Font)                  OT1/cmr/m/n --> OT1/cmr/bx/n on input line 137.
LaTeX Font Info:    Redeclaring math accent \acute on input line 137.
LaTeX Font Info:    Redeclaring math accent \grave on input line 137.
LaTeX Font Info:    Redeclaring math accent \ddot on input line 137.
LaTeX Font Info:    Redeclaring math accent \tilde on input line 137.
LaTeX Font Info:    Redeclaring math accent \bar on input line 137.
LaTeX Font Info:    Redeclaring math accent \breve on input line 137.
LaTeX Font Info:    Redeclaring math accent \check on input line 137.
LaTeX Font Info:    Redeclaring math accent \hat on input line 137.
LaTeX Font Info:    Redeclaring math accent \dot on input line 137.
LaTeX Font Info:    Redeclaring math accent \mathring on input line 137.
LaTeX Font Info:    Redeclaring math symbol \Gamma on input line 137.
LaTeX Font Info:    Redeclaring math symbol \Delta on input line 137.
LaTeX Font Info:    Redeclaring math symbol \Theta on input line 137.
LaTeX Font Info:    Redeclaring math symbol \Lambda on input line 137.
LaTeX Font Info:    Redeclaring math symbol \Xi on input line 137.
LaTeX Font Info:    Redeclaring math symbol \Pi on input line 137.
LaTeX Font Info:    Redeclaring math symbol \Sigma on input line 137.
LaTeX Font Info:    Redeclaring math symbol \Upsilon on input line 137.
LaTeX Font Info:    Redeclaring math symbol \Phi on input line 137.
LaTeX Font Info:    Redeclaring math symbol \Psi on input line 137.
LaTeX Font Info:    Redeclaring math symbol \Omega on input line 137.
LaTeX Font Info:    Redeclaring math symbol \mathdollar on input line 137.
LaTeX Font Info:    Redeclaring symbol font `operators' on input line 137.
LaTeX Font Info:    Encoding `OT1' has changed to `TU' for symbol font
(Font)              `operators' in the math version `normal' on input line 137.

LaTeX Font Info:    Overwriting symbol font `operators' in version `normal'
(Font)                  OT1/cmr/m/n --> TU/TimesNewRoman(0)/m/n on input line 1
37.
LaTeX Font Info:    Encoding `OT1' has changed to `TU' for symbol font
(Font)              `operators' in the math version `bold' on input line 137.
LaTeX Font Info:    Overwriting symbol font `operators' in version `bold'
(Font)                  OT1/cmr/bx/n --> TU/TimesNewRoman(0)/m/n on input line 
137.
LaTeX Font Info:    Overwriting symbol font `operators' in version `normal'
(Font)                  TU/TimesNewRoman(0)/m/n --> TU/TimesNewRoman(0)/m/n on 
input line 137.
LaTeX Font Info:    Overwriting math alphabet `\mathit' in version `normal'
(Font)                  OT1/cmr/m/it --> TU/TimesNewRoman(0)/m/it on input line
 137.
LaTeX Font Info:    Overwriting math alphabet `\mathbf' in version `normal'
(Font)                  OT1/cmr/bx/n --> TU/TimesNewRoman(0)/b/n on input line 
137.
LaTeX Font Info:    Overwriting math alphabet `\mathsf' in version `normal'
(Font)                  OT1/cmss/m/n --> TU/lmss/m/n on input line 137.
LaTeX Font Info:    Overwriting math alphabet `\mathtt' in version `normal'
(Font)                  OT1/cmtt/m/n --> TU/lmtt/m/n on input line 137.
LaTeX Font Info:    Overwriting symbol font `operators' in version `bold'
(Font)                  TU/TimesNewRoman(0)/m/n --> TU/TimesNewRoman(0)/b/n on 
input line 137.
LaTeX Font Info:    Overwriting math alphabet `\mathit' in version `bold'
(Font)                  OT1/cmr/bx/it --> TU/TimesNewRoman(0)/b/it on input lin
e 137.
LaTeX Font Info:    Overwriting math alphabet `\mathsf' in version `bold'
(Font)                  OT1/cmss/bx/n --> TU/lmss/b/n on input line 137.
LaTeX Font Info:    Overwriting math alphabet `\mathtt' in version `bold'
(Font)                  OT1/cmtt/m/n --> TU/lmtt/b/n on input line 137.

*geometry* driver: auto-detecting
*geometry* detected driver: xetex
*geometry* verbose mode - [ preamble ] result:
* driver: xetex
* paper: a4paper
* layout: <same size as paper>
* layoutoffset:(h,v)=(0.0pt,0.0pt)
* modes: 
* h-part:(L,W,R)=(85.35826pt, 426.79135pt, 85.35826pt)
* v-part:(T,H,B)=(71.13188pt, 702.78308pt, 71.13188pt)
* \paperwidth=597.50787pt
* \paperheight=845.04684pt
* \textwidth=426.79135pt
* \textheight=702.78308pt
* \oddsidemargin=13.08827pt
* \evensidemargin=13.08827pt
* \topmargin=-38.1381pt
* \headheight=12.0pt
* \headsep=25.0pt
* \topskip=12.0pt
* \footskip=30.0pt
* \marginparwidth=35.0pt
* \marginparsep=10.0pt
* \columnsep=10.0pt
* \skip\footins=10.8pt plus 4.0pt minus 2.0pt
* \hoffset=0.0pt
* \voffset=0.0pt
* \mag=1000
* \@twocolumnfalse
* \@twosidefalse
* \@mparswitchfalse
* \@reversemarginfalse
* (1in=72.27pt=25.4mm, 1cm=28.453pt)

Package hyperref Info: Link coloring ON on input line 137.
(./KKT.out) (./KKT.out)
\@outlinefile=\write4
\openout4 = `KKT.out'.


Package fontspec Info: Could not resolve font "Microsoft YaHei/I" (it probably
(fontspec)             doesn't exist).


Package fontspec Info: Font family 'MicrosoftYaHei(0)' created for font
(fontspec)             'Microsoft YaHei' with options [Script={CJK}].
(fontspec)              
(fontspec)              This font family consists of the following NFSS
(fontspec)             series/shapes:
(fontspec)              
(fontspec)             - 'normal' (m/n) with NFSS spec.: <->"Microsoft
(fontspec)             YaHei/OT:script=hani;language=dflt;"
(fontspec)             - 'small caps'  (m/sc) with NFSS spec.: 
(fontspec)             - 'bold' (b/n) with NFSS spec.: <->"Microsoft
(fontspec)             YaHei/B/OT:script=hani;language=dflt;"
(fontspec)             - 'bold small caps'  (b/sc) with NFSS spec.: 
(fontspec)             - 'bold italic' (b/it) with NFSS spec.: <->"Microsoft
(fontspec)             YaHei/BI/OT:script=hani;language=dflt;"
(fontspec)             - 'bold italic small caps'  (b/scit) with NFSS spec.: 

LaTeX Font Info:    Trying to load font information for U+msa on input line 139
.

(e:/ruanjian/LaTeX/LaTeX 2024(64bit)/texlive/2024/texmf-dist/tex/latex/amsfonts
/umsa.fd
File: umsa.fd 2013/01/14 v3.01 AMS symbols A
)
LaTeX Font Info:    Trying to load font information for U+msb on input line 139
.

(e:/ruanjian/LaTeX/LaTeX 2024(64bit)/texlive/2024/texmf-dist/tex/latex/amsfonts
/umsb.fd
File: umsb.fd 2013/01/14 v3.01 AMS symbols B
)

LaTeX Font Warning: Font shape `TU/SimSun(1)/b/n' undefined
(Font)              using `TU/SimSun(1)/m/n' instead on input line 143.


LaTeX Font Warning: Font shape `TU/SimSun(1)/m/it' undefined
(Font)              using `TU/SimSun(1)/m/n' instead on input line 178.


Package fancyhdr Warning: \headheight is too small (12.0pt): 
(fancyhdr)                Make it at least 24.01996pt, for example:
(fancyhdr)                \setlength{\headheight}{24.01996pt}.
(fancyhdr)                You might also make \topmargin smaller to compensate:

(fancyhdr)                \addtolength{\topmargin}{-12.01996pt}.

[1

]
Underfull \hbox (badness 10000) in paragraph at lines 214--214
[]|\TU/SimSun(1)/m/n/12 等 价 于 $\OMS/cmsy/m/n/12 r\OML/cmm/m/it/12 f\OT1/cmr/m/n
/12 ([][]) + [][] \OML/cmm/m/it/12 ^^U[]\OMS/cmsy/m/n/12 r\OML/cmm/m/it/12 g[]\
OT1/cmr/m/n/12 ([][]) +
 []


Package fancyhdr Warning: \headheight is too small (12.0pt): 
(fancyhdr)                Make it at least 24.01996pt, for example:
(fancyhdr)                \setlength{\headheight}{24.01996pt}.
(fancyhdr)                You might also make \topmargin smaller to compensate:

(fancyhdr)                \addtolength{\topmargin}{-12.01996pt}.

[2]

LaTeX Font Warning: Font shape `TU/SimSun(1)/b/it' undefined
(Font)              using `TU/SimSun(1)/b/n' instead on input line 251.


Package fancyhdr Warning: \headheight is too small (12.0pt): 
(fancyhdr)                Make it at least 24.01996pt, for example:
(fancyhdr)                \setlength{\headheight}{24.01996pt}.
(fancyhdr)                You might also make \topmargin smaller to compensate:

(fancyhdr)                \addtolength{\topmargin}{-12.01996pt}.

[3]

Package fancyhdr Warning: \headheight is too small (12.0pt): 
(fancyhdr)                Make it at least 24.01996pt, for example:
(fancyhdr)                \setlength{\headheight}{24.01996pt}.
(fancyhdr)                You might also make \topmargin smaller to compensate:

(fancyhdr)                \addtolength{\topmargin}{-12.01996pt}.

[4] (./KKT.aux)
 ***********
LaTeX2e <2023-11-01> patch level 1
L3 programming layer <2022/07/14>
 ***********


LaTeX Font Warning: Some font shapes were not available, defaults substituted.

Package rerunfilecheck Info: File `KKT.out' has not changed.
(rerunfilecheck)             Checksum: AB1B31F268FD5B5C85B96714FD0BB9A7;1930.
 ) 
Here is how much of TeX's memory you used:
 32596 strings out of 474773
 746049 string characters out of 5746603
 1942842 words of memory out of 5000000
 54164 multiletter control sequences out of 15000+600000
 570591 words of font info for 141 fonts, out of 8000000 for 9000
 1348 hyphenation exceptions out of 8191
 101i,17n,107p,1194b,509s stack positions out of 10000i,1000n,20000p,200000b,200000s

Output written on KKT.pdf (4 pages).
